Current PyTorch version before installation:
Version: 2.6.0+cpu
CUDA available: False
Installing PyTorch with CUDA support using pip...
Found existing installation: torch 2.6.0
Uninstalling torch-2.6.0:
  Successfully uninstalled torch-2.6.0
Looking in indexes: https://download.pytorch.org/whl/cu126
Collecting torch
  Downloading https://download.pytorch.org/whl/cu126/torch-2.6.0%2Bcu126-cp310-cp310-linux_aarch64.whl.metadata (26 kB)
Collecting torchvision
  Downloading https://download.pytorch.org/whl/cu126/torchvision-0.21.0-cp310-cp310-linux_aarch64.whl.metadata (6.1 kB)
Collecting torchaudio
  Downloading https://download.pytorch.org/whl/cu126/torchaudio-2.6.0-cp310-cp310-linux_aarch64.whl.metadata (6.6 kB)
Requirement already satisfied: filelock in /u/iamin/miniconda3/envs/fairchemV2/lib/python3.10/site-packages (from torch) (3.19.1)
Requirement already satisfied: typing-extensions>=4.10.0 in /u/iamin/miniconda3/envs/fairchemV2/lib/python3.10/site-packages (from torch) (4.14.1)
Requirement already satisfied: sympy==1.13.1 in /u/iamin/miniconda3/envs/fairchemV2/lib/python3.10/site-packages (from torch) (1.13.1)
Requirement already satisfied: networkx in /u/iamin/miniconda3/envs/fairchemV2/lib/python3.10/site-packages (from torch) (3.4.2)
Requirement already satisfied: jinja2 in /u/iamin/miniconda3/envs/fairchemV2/lib/python3.10/site-packages (from torch) (3.1.6)
Requirement already satisfied: fsspec in /u/iamin/miniconda3/envs/fairchemV2/lib/python3.10/site-packages (from torch) (2025.7.0)
Requirement already satisfied: mpmath<1.4,>=1.1.0 in /u/iamin/miniconda3/envs/fairchemV2/lib/python3.10/site-packages (from sympy==1.13.1->torch) (1.3.0)
Requirement already satisfied: numpy in /u/iamin/miniconda3/envs/fairchemV2/lib/python3.10/site-packages (from torchvision) (2.2.6)
Requirement already satisfied: pillow!=8.3.*,>=5.3.0 in /u/iamin/miniconda3/envs/fairchemV2/lib/python3.10/site-packages (from torchvision) (11.3.0)
Requirement already satisfied: MarkupSafe>=2.0 in /u/iamin/miniconda3/envs/fairchemV2/lib/python3.10/site-packages (from jinja2->torch) (3.0.2)
Downloading https://download.pytorch.org/whl/cu126/torch-2.6.0%2Bcu126-cp310-cp310-linux_aarch64.whl (2462.4 MB)
   ━━━━━━━━━━━━━━━━━━━━━━━━━━━━━━━━━━━━━━━━ 2.5/2.5 GB 48.9 MB/s eta 0:00:00
Downloading https://download.pytorch.org/whl/cu126/torchvision-0.21.0-cp310-cp310-linux_aarch64.whl (20.0 MB)
   ━━━━━━━━━━━━━━━━━━━━━━━━━━━━━━━━━━━━━━━━ 20.0/20.0 MB 75.4 MB/s eta 0:00:00
Downloading https://download.pytorch.org/whl/cu126/torchaudio-2.6.0-cp310-cp310-linux_aarch64.whl (3.3 MB)
   ━━━━━━━━━━━━━━━━━━━━━━━━━━━━━━━━━━━━━━━━ 3.3/3.3 MB 45.9 MB/s eta 0:00:00
Installing collected packages: torch, torchvision, torchaudio

Successfully installed torch-2.6.0+cu126 torchaudio-2.6.0 torchvision-0.21.0
Testing PyTorch installation:
PyTorch version: 2.6.0+cu126
CUDA available: True
CUDA version: 12.6
Number of GPUs: 1
GPU 0: NVIDIA GH200 120GB
Successfully created tensor on GPU 0
