AWS OFI NCCL Plugin v1.6.0 loaded for CUDA 12.6.1
This provides network transport ONLY - NCCL library from PyTorch
Configured for Slingshot11/CXI interconnect
CUDA 12.6.1 loaded with compatible AWS OFI NCCL plugin v1.6.0
Plugin provides network transport - NCCL library from PyTorch
Use with python/miniforge3_pytorch/2.7.0 or equivalent for best compatibility

The following have been reloaded with a version change:
  1) gcc-native/13.2 => gcc-native/12.3


Currently Loaded Modules:
  1) craype-arm-grace
  2) libfabric/1.20.1
  3) craype-network-ofi
  4) perftools-base/24.07.0
  5) xpmem/2.9.6-1.1_20240511212657__g087dc11fc19d
  6) craype/2.7.32
  7) cray-dsmml/0.3.0
  8) cray-mpich/8.1.30
  9) cray-libsci/24.07.0
 10) PrgEnv-gnu/8.5.0
 11) default
 12) gcc-native/12.3
 13) cuda-compat/12.6
 14) nccl-ofi-plugin/1.6.0-cuda126
 15) cuda/12.6.1

 

WARNING: NPT: Setting the center-of-mass momentum to zero (was 24.923 8.25391 23.0844)
WARNING:root:Using Cuda graphs for wigner matrix creation
Traceback (most recent call last):
  File "/u/iamin/MLFF-distill/APPLICATIONS/electrolytes/solv_uma_npt_pr.py", line 90, in <module>
    dyn.run(steps=1000000)
  File "/u/iamin/miniconda3/envs/fairchemV2/lib/python3.10/site-packages/ase/md/npt.py", line 315, in run
    for complete in self.irun(steps):
  File "/u/iamin/miniconda3/envs/fairchemV2/lib/python3.10/site-packages/ase/md/npt.py", line 293, in irun
    self.initialize()
  File "/u/iamin/miniconda3/envs/fairchemV2/lib/python3.10/site-packages/ase/md/npt.py", line 421, in initialize
    self._initialize_eta_h()
  File "/u/iamin/miniconda3/envs/fairchemV2/lib/python3.10/site-packages/ase/md/npt.py", line 648, in _initialize_eta_h
    * (self.stresscalculator() - self.externalstress))
  File "/u/iamin/miniconda3/envs/fairchemV2/lib/python3.10/site-packages/ase/md/npt.py", line 396, in stresscalculator
    return self.atoms.get_stress(include_ideal_gas=True)
  File "/u/iamin/miniconda3/envs/fairchemV2/lib/python3.10/site-packages/ase/atoms.py", line 861, in get_stress
    stress = self._calc.get_stress(self)
  File "/u/iamin/miniconda3/envs/fairchemV2/lib/python3.10/site-packages/ase/calculators/abc.py", line 35, in get_stress
    return self.get_property('stress', atoms)
  File "/u/iamin/miniconda3/envs/fairchemV2/lib/python3.10/site-packages/ase/calculators/calculator.py", line 515, in get_property
    self.calculate(atoms, [name], system_changes)
  File "/u/iamin/MLFF-distill/APPLICATIONS/electrolytes/get_calc.py", line 30, in calculate
    self.fairchem_calc.calculate(atoms, properties, system_changes)
  File "/u/iamin/fairchem/src/fairchem/core/calculate/ase_calculator.py", line 218, in calculate
    pred = self.predictor.predict(batch)
  File "/u/iamin/fairchem/src/fairchem/core/units/mlip_unit/predict.py", line 44, in collated_predict
    preds = predict_fn(predict_unit, data, undo_element_references)
  File "/u/iamin/fairchem/src/fairchem/core/units/mlip_unit/predict.py", line 236, in predict
    output[task_name][task.property]
KeyError: 'forces_jac'
srun: error: gh103: task 0: Exited with exit code 1

real	0m19.094s
user	0m0.016s
sys	0m0.003s
