AWS OFI NCCL Plugin v1.6.0 loaded for CUDA 12.6.1
This provides network transport ONLY - NCCL library from PyTorch
Configured for Slingshot11/CXI interconnect
CUDA 12.6.1 loaded with compatible AWS OFI NCCL plugin v1.6.0
Plugin provides network transport - NCCL library from PyTorch
Use with python/miniforge3_pytorch/2.7.0 or equivalent for best compatibility

The following have been reloaded with a version change:
  1) gcc-native/13.2 => gcc-native/12.3


Currently Loaded Modules:
  1) craype-arm-grace
  2) libfabric/1.20.1
  3) craype-network-ofi
  4) perftools-base/24.07.0
  5) xpmem/2.9.6-1.1_20240511212657__g087dc11fc19d
  6) craype/2.7.32
  7) cray-dsmml/0.3.0
  8) cray-mpich/8.1.30
  9) cray-libsci/24.07.0
 10) PrgEnv-gnu/8.5.0
 11) default
 12) gcc-native/12.3
 13) cuda-compat/12.6
 14) nccl-ofi-plugin/1.6.0-cuda126
 15) cuda/12.6.1

 

WARNING: NPT: Setting the center-of-mass momentum to zero (was 41.4149 -15.3769 6.46145)
WARNING:root:Using Cuda graphs for wigner matrix creation
WARNING:root:CUDA Graph capture for Wigner Matrix has been called 5 times, it might slow down inference if called too frequently, consider turning this feature off.
srun: Job step aborted: Waiting up to 32 seconds for job step to finish.
slurmstepd: error: *** STEP 909858.0 ON gh023 CANCELLED AT 2025-08-19T03:34:36 ***
slurmstepd: error: *** JOB 909858 ON gh023 CANCELLED AT 2025-08-19T03:34:36 ***
